node.exe : FAIL 
tests/kpi/kpi.test.js
At C:\Program 
Files\nodejs\npx.ps1:29 
char:3
+   & $NODE_EXE $NPX_CLI_JS 
$args
+   ~~~~~~~~~~~~~~~~~~~~~~~~
~~~~~
    + CategoryInfo          
    : NotSpecified: (FAIL   
  tests/kpi/kpi.test.js:S   
 tring) [], RemoteExcept    
ion
    + FullyQualifiedErrorId 
    : NativeCommandError
 
  ΓùÅ Test suite failed to 
run

    Jest encountered an 
unexpected token

    Jest failed to parse a 
file. This happens e.g. 
when your code or its 
dependencies use 
non-standard JavaScript 
syntax, or when Jest is not 
configured to support such 
syntax.

    Out of the box Jest 
supports Babel, which will 
be used to transform your 
files into valid JS based 
on your Babel configuration.

    By default 
"node_modules" folder is 
ignored by transformers.

    Here's what you can do:
     ΓÇó If you are trying 
to use ECMAScript Modules, 
see https://jestjs.io/docs/e
cmascript-modules for how 
to enable it.
     ΓÇó If you are trying 
to use TypeScript, see https
://jestjs.io/docs/getting-st
arted#using-typescript
     ΓÇó To have some of 
your "node_modules" files 
transformed, you can 
specify a custom 
"transformIgnorePatterns" 
in your config.
     ΓÇó If you need a 
custom transformation, 
specify a "transform" 
option in your config.
     ΓÇó If you simply want 
to mock your non-JS modules 
(e.g. binary assets) you 
can stub them out with the 
"moduleNameMapper" config 
option.

    You'll find more 
details and examples of 
these config options in the 
docs:
    https://jestjs.io/docs/c
onfiguration
    For information about 
custom transformations, see:
    https://jestjs.io/docs/c
ode-transformation

    Details:

    D:\eximdev\server\tests\
kpi\kpi.test.js:1
    import request from 
'supertest';
    ^^^^^^

    SyntaxError: Cannot use 
import statement outside a 
module

      at Runtime.createScrip
tFromCode (node_modules/jest
-runtime/build/index.js:1318
:40)

Test Suites: 1 failed, 1 
total
Tests:       0 total
Snapshots:   0 total
Time:        0.297 s
Ran all test suites 
matching d:\eximdev\server\t
ests\kpi\kpi.test.js.
